******************************************************************************
                  TI ARM Linker PC v16.9.1                     
******************************************************************************
>> Linked Fri Feb 09 17:21:55 2018

OUTPUT FILE NAME:   <Encoder_Ralph.out>
ENTRY POINT SYMBOL: "_c_int00"  address: 000038e9


MEMORY CONFIGURATION

         name            origin    length      used     unused   attr    fill
----------------------  --------  ---------  --------  --------  ----  --------
  MAIN                  00000000   00040000  00003e04  0003c1fc  R  X
  INFO                  00200000   00004000  00000000  00004000  R  X
  SRAM_CODE             01000000   00010000  000009ec  0000f614  RW X
  SRAM_DATA             20000000   00010000  000009ec  0000f614  RW  


SEGMENT ALLOCATION MAP

run origin  load origin   length   init length attrs members
----------  ----------- ---------- ----------- ----- -------
00000000    00000000    00003e08   00003e08    r-x
  00000000    00000000    000000e4   000000e4    r-- .intvecs
  000000e4    000000e4    00003b64   00003b64    r-x .text
  00003c48    00003c48    0000011c   0000011c    r-- .const
  00003d68    00003d68    000000a0   000000a0    r-- .cinit
20000000    20000000    000007ec   00000000    rw-
  20000000    20000000    00000400   00000000    rw- .sysmem
  20000400    20000400    00000218   00000000    rw- .data
  20000618    20000618    000001d4   00000000    rw- .bss
2000fe00    2000fe00    00000200   00000000    rw-
  2000fe00    2000fe00    00000200   00000000    rw- .stack


SECTION ALLOCATION MAP

 output                                  attributes/
section   page    origin      length       input sections
--------  ----  ----------  ----------   ----------------
.intvecs   0    00000000    000000e4     
                  00000000    000000e4     startup_msp432p401r_ccs.obj (.intvecs:retain)

.binit     0    00000000    00000000     

.text      0    000000e4    00003b64     
                  000000e4    0000113e     rtsv7M4_T_le_v4SPD16_eabi.lib : _printfi.obj (.text)
                  00001222    00000002                                   : mpu_init.obj (.text)
                  00001224    000007ac     main.obj (.text)
                  000019d0    000003d0     rtsv7M4_T_le_v4SPD16_eabi.lib : memory.obj (.text)
                  00001da0    0000032c     system_msp432p401r.obj (.text)
                  000020cc    00000324     rtsv7M4_T_le_v4SPD16_eabi.lib : trgdrv.obj (.text)
                  000023f0    0000030c                                   : lowlev.obj (.text)
                  000026fc    000001f4                                   : ull_div_t2.obj (.text)
                  000028f0    000001c4                                   : fopen.obj (.text)
                  00002ab4    000001b6                                   : fd_add_t2.obj (.text)
                  00002c6a    00000136                                   : fd_div_t2.obj (.text)
                  00002da0    00000134                                   : fputs.obj (.text)
                  00002ed4    000000fc                                   : fd_mul_t2.obj (.text)
                  00002fd0    000000fc                                   : s_scalbn.obj (.text)
                  000030cc    000000dc                                   : setvbuf.obj (.text)
                  000031a8    000000c8                                   : fflush.obj (.text)
                  00003270    000000ac                                   : _io_perm.obj (.text)
                  0000331c    0000009c                                   : memcpy_t2.obj (.text)
                  000033b8    00000098                                   : fclose.obj (.text)
                  00003450    00000098                                   : fputc.obj (.text)
                  000034e8    00000086                                   : fd_cmp_t2.obj (.text:__aeabi_cdcmple)
                  0000356e    00000086                                   : fd_cmp_t2.obj (.text:__aeabi_cdrcmple)
                  000035f4    0000007a                                   : memset_t2.obj (.text)
                  0000366e    00000002                                   : startup.obj (.text)
                  00003670    00000070                                   : autoinit.obj (.text)
                  000036e0    00000070                                   : printf.obj (.text)
                  00003750    00000068                                   : copy_decompress_lzss.obj (.text:decompress:lzss)
                  000037b8    00000068                                   : trgmsg.obj (.text)
                  00003820    00000064                                   : fseek.obj (.text)
                  00003884    00000064                                   : s_frexp.obj (.text)
                  000038e8    00000054                                   : boot.obj (.text)
                  0000393c    00000054                                   : exit.obj (.text)
                  00003990    00000054                                   : ltoa.obj (.text)
                  000039e4    0000004c                                   : atoi.obj (.text)
                  00003a30    0000004c                                   : cpy_tbl.obj (.text)
                  00003a7c    00000048                                   : fd_toi_t2.obj (.text)
                  00003ac4    00000036                                   : strncpy.obj (.text)
                  00003afa    0000002e                                   : i_tofd_t2.obj (.text)
                  00003b28    00000020                                   : memchr.obj (.text)
                  00003b48    00000020                                   : u_tofd_t2.obj (.text)
                  00003b68    0000001c                                   : memccpy.obj (.text)
                  00003b84    00000018                                   : args_main.obj (.text)
                  00003b9c    00000018                                   : strcmp.obj (.text)
                  00003bb4    00000016                                   : strchr.obj (.text)
                  00003bca    00000002     --HOLE-- [fill = 0]
                  00003bcc    00000014                                   : _lock.obj (.text)
                  00003be0    00000014                                   : s_copysign.obj (.text)
                  00003bf4    00000014                                   : strcpy.obj (.text)
                  00003c08    00000014                                   : strlen.obj (.text)
                  00003c1c    0000000e                                   : copy_decompress_none.obj (.text:decompress:none)
                  00003c2a    0000000e     startup_msp432p401r_ccs.obj (.text)
                  00003c38    0000000c     rtsv7M4_T_le_v4SPD16_eabi.lib : copy_zero_init.obj (.text:decompress:ZI)
                  00003c44    00000004                                   : pre_init.obj (.text)

.const     0    00003c48    0000011c     
                  00003c48    00000101     rtsv7M4_T_le_v4SPD16_eabi.lib : ctype.obj (.const:.string:_ctypes_)
                  00003d49    00000003     --HOLE-- [fill = 0]
                  00003d4c    00000018     main.obj (.const:$P$T0$1)

.cinit     0    00003d68    000000a0     
                  00003d68    00000079     (.cinit..data.load) [load image, compression = lzss]
                  00003de1    00000003     --HOLE-- [fill = 0]
                  00003de4    0000000c     (__TI_handler_table)
                  00003df0    00000008     (.cinit..bss.load) [load image, compression = zero_init]
                  00003df8    00000010     (__TI_cinit_table)

.init_array 
*          0    00000000    00000000     UNINITIALIZED

.sysmem    0    20000000    00000400     UNINITIALIZED
                  20000000    00000008     rtsv7M4_T_le_v4SPD16_eabi.lib : memory.obj (.sysmem)
                  20000008    000003f8     --HOLE--

.data      0    20000400    00000218     UNINITIALIZED
                  20000400    000000f0     rtsv7M4_T_le_v4SPD16_eabi.lib : defs.obj (.data:_ftable)
                  200004f0    000000d0                                   : lowlev.obj (.data:$O1$$)
                  200005c0    00000018     main.obj (.data)
                  200005d8    00000010     rtsv7M4_T_le_v4SPD16_eabi.lib : defs.obj (.data)
                  200005e8    0000000c                                   : exit.obj (.data:$O1$$)
                  200005f4    0000000c                                   : memory.obj (.data:$O1$$)
                  20000600    00000008                                   : _lock.obj (.data:$O1$$)
                  20000608    00000004                                   : errno.obj (.data)
                  2000060c    00000004                                   : fopen.obj (.data)
                  20000610    00000004                                   : stkdepth_vars.obj (.data)
                  20000614    00000004     system_msp432p401r.obj (.data)

.bss       0    20000618    000001d4     UNINITIALIZED
                  20000618    00000120     rtsv7M4_T_le_v4SPD16_eabi.lib : trgmsg.obj (.bss:_CIOBUF_)
                  20000738    000000a0     (.common:__TI_tmpnams)
                  200007d8    0000000c     (.common:irRead)
                  200007e4    00000008                                   : trgdrv.obj (.bss:parmbuf)

.stack     0    2000fe00    00000200     UNINITIALIZED
                  2000fe00    00000200     --HOLE--

MODULE SUMMARY

       Module                        code    ro data   rw data
       ------                        ----    -------   -------
    .\
       main.obj                      1964    24        72     
       system_msp432p401r.obj        812     0         8      
       startup_msp432p401r_ccs.obj   14      228       0      
    +--+-----------------------------+-------+---------+---------+
       Total:                        2790    252       80     
                                                              
    C:\TI\ccsv7\tools\compiler\ti-cgt-arm_16.9.1.LTS\lib\rtsv7M4_T_le_v4SPD16_eabi.lib
       _printfi.obj                  4414    0         0      
       lowlev.obj                    780     0         416    
       memory.obj                    976     0         24     
       defs.obj                      0       0         832    
       trgdrv.obj                    804     0         16     
       trgmsg.obj                    104     0         576    
       ull_div_t2.obj                500     0         0      
       fopen.obj                     452     0         8      
       fd_add_t2.obj                 438     0         0      
       fd_div_t2.obj                 310     0         0      
       fputs.obj                     308     0         0      
       fd_cmp_t2.obj                 268     0         0      
       ctype.obj                     0       257       0      
       fd_mul_t2.obj                 252     0         0      
       s_scalbn.obj                  252     0         0      
       setvbuf.obj                   220     0         0      
       fflush.obj                    200     0         0      
       _io_perm.obj                  172     0         0      
       memcpy_t2.obj                 156     0         0      
       fclose.obj                    152     0         0      
       fputc.obj                     152     0         0      
       memset_t2.obj                 122     0         0      
       autoinit.obj                  112     0         0      
       printf.obj                    112     0         0      
       exit.obj                      84      0         24     
       copy_decompress_lzss.obj      104     0         0      
       fseek.obj                     100     0         0      
       s_frexp.obj                   100     0         0      
       boot.obj                      84      0         0      
       ltoa.obj                      84      0         0      
       atoi.obj                      76      0         0      
       cpy_tbl.obj                   76      0         0      
       fd_toi_t2.obj                 72      0         0      
       strncpy.obj                   54      0         0      
       i_tofd_t2.obj                 46      0         0      
       _lock.obj                     20      0         16     
       memchr.obj                    32      0         0      
       u_tofd_t2.obj                 32      0         0      
       memccpy.obj                   28      0         0      
       args_main.obj                 24      0         0      
       strcmp.obj                    24      0         0      
       strchr.obj                    22      0         0      
       s_copysign.obj                20      0         0      
       strcpy.obj                    20      0         0      
       strlen.obj                    20      0         0      
       copy_decompress_none.obj      14      0         0      
       copy_zero_init.obj            12      0         0      
       errno.obj                     0       0         8      
       stkdepth_vars.obj             0       0         8      
       pre_init.obj                  4       0         0      
       mpu_init.obj                  2       0         0      
       startup.obj                   2       0         0      
    +--+-----------------------------+-------+---------+---------+
       Total:                        12412   257       1928   
                                                              
       Heap:                         0       0         2048   
       Stack:                        0       0         1024   
       Linker Generated:             0       157       0      
    +--+-----------------------------+-------+---------+---------+
       Grand Total:                  15202   666       5080   


LINKER GENERATED COPY TABLES

__TI_cinit_table @ 00003df8 records: 2, size/record: 8, table size: 16
	.data: load addr=00003d68, load size=00000079 bytes, run addr=20000400, run size=00000218 bytes, compression=lzss
	.bss: load addr=00003df0, load size=00000008 bytes, run addr=20000618, run size=000001d4 bytes, compression=zero_init


LINKER GENERATED HANDLER TABLE

__TI_handler_table @ 00003de4 records: 3, size/record: 4, table size: 12
	index: 0, handler: __TI_decompress_lzss
	index: 1, handler: __TI_decompress_none
	index: 2, handler: __TI_zero_init


GLOBAL SYMBOLS: SORTED ALPHABETICALLY BY Name 

address   name                           
-------   ----                           
00003c37  ADC14_IRQHandler               
00003c37  AES256_IRQHandler              
200005c4  AVGER                          
00003c37  BusFault_Handler               
0000393d  C$$EXIT                        
000037e7  C$$IO$$                        
00003c37  COMP_E0_IRQHandler             
00003c37  COMP_E1_IRQHandler             
00003c37  CS_IRQHandler                  
00003c37  DMA_ERR_IRQHandler             
00003c37  DMA_INT0_IRQHandler            
00003c37  DMA_INT1_IRQHandler            
00003c37  DMA_INT2_IRQHandler            
00003c37  DMA_INT3_IRQHandler            
00003c37  DebugMon_Handler               
00003c37  Default_Handler                
00003c37  EUSCIA0_IRQHandler             
00003c37  EUSCIA1_IRQHandler             
00003c37  EUSCIA2_IRQHandler             
00003c37  EUSCIA3_IRQHandler             
00003c37  EUSCIB0_IRQHandler             
00003c37  EUSCIB1_IRQHandler             
00003c37  EUSCIB2_IRQHandler             
00003c37  EUSCIB3_IRQHandler             
00003c37  FLCTL_IRQHandler               
00003c37  FPU_IRQHandler                 
000023a7  HOSTclock                      
0000236f  HOSTclose                      
00002331  HOSTgetenv                     
000022d5  HOSTlseek                      
00002283  HOSTopen                       
00002237  HOSTread                       
000021d9  HOSTrename                     
0000219f  HOSTtime                       
00002151  HOSTtime64                     
00002119  HOSTunlink                     
000020cd  HOSTwrite                      
00003c37  HardFault_Handler              
00003c37  MemManage_Handler              
00003c37  NMI_Handler                    
00003c37  PCM_IRQHandler                 
00003c37  PORT1_IRQHandler               
00003c37  PORT2_IRQHandler               
00003c37  PORT3_IRQHandler               
00003c37  PORT4_IRQHandler               
00003c37  PORT5_IRQHandler               
00003c37  PORT6_IRQHandler               
00003c37  PSS_IRQHandler                 
00003c37  PendSV_Handler                 
00003c37  RTC_C_IRQHandler               
00003c2b  Reset_Handler                  
UNDEFED   SHT$$INIT_ARRAY$$Base          
UNDEFED   SHT$$INIT_ARRAY$$Limit         
00003c37  SVC_Handler                    
00003c37  SysTick_Handler                
20000614  SystemCoreClock                
00001da1  SystemCoreClockUpdate          
00002015  SystemInit                     
00003c37  T32_INT1_IRQHandler            
00003c37  T32_INT2_IRQHandler            
00003c37  T32_INTC_IRQHandler            
0000194d  TA0_0_IRQHandler               
0000194d  TA0_0_IRQHandler               
00003c37  TA0_N_IRQHandler               
00003c37  TA1_0_IRQHandler               
00003c37  TA1_N_IRQHandler               
00003c37  TA2_0_IRQHandler               
00003c37  TA2_N_IRQHandler               
00003c37  TA3_0_IRQHandler               
00003c37  TA3_N_IRQHandler               
00003c37  UsageFault_Handler             
4000480c  WDTCTL_SYM                     
00003c37  WDT_A_IRQHandler               
20000618  __CIOBUF_                      
20010000  __STACK_END                    
00000200  __STACK_SIZE                   
00000400  __SYSMEM_SIZE                  
00003df8  __TI_CINIT_Base                
00003e08  __TI_CINIT_Limit               
00003de4  __TI_Handler_Table_Base        
00003df0  __TI_Handler_Table_Limit       
00003671  __TI_auto_init                 
000029b9  __TI_cleanup                   
200005e8  __TI_cleanup_ptr               
000033b9  __TI_closefile                 
00003751  __TI_decompress_lzss           
00003c1d  __TI_decompress_none           
000031a9  __TI_doflush                   
200005ec  __TI_dtors_ptr                 
200005f0  __TI_enable_exit_profile_output
200005d8  __TI_ft_end                    
ffffffff  __TI_pprof_out_hndl            
00000929  __TI_printfi                   
ffffffff  __TI_prof_data_size            
ffffffff  __TI_prof_data_start           
000032d3  __TI_rd_ok                     
000037eb  __TI_readmsg                   
00000000  __TI_static_base__             
20000738  __TI_tmpnams                   
000037b9  __TI_writemsg                  
00003271  __TI_wrt_ok                    
00003c39  __TI_zero_init                 
000034e9  __aeabi_cdcmpeq                
000034e9  __aeabi_cdcmple                
0000356f  __aeabi_cdrcmple               
00003a7d  __aeabi_d2iz                   
00002abf  __aeabi_dadd                   
00002c6b  __aeabi_ddiv                   
00002ed5  __aeabi_dmul                   
00002ab5  __aeabi_dsub                   
00003afb  __aeabi_i2d                    
000035f5  __aeabi_memclr                 
000035f5  __aeabi_memclr4                
000035f5  __aeabi_memclr8                
0000331d  __aeabi_memcpy                 
0000331d  __aeabi_memcpy4                
0000331d  __aeabi_memcpy8                
000035f7  __aeabi_memset                 
000035f7  __aeabi_memset4                
000035f7  __aeabi_memset8                
200005e4  __aeabi_stderr                 
200005dc  __aeabi_stdin                  
200005e0  __aeabi_stdout                 
00003b49  __aeabi_ui2d                   
000026fd  __aeabi_uldivmod               
ffffffff  __binit__                      
ffffffff  __c_args__                     
00001223  __mpu_init                     
2000fe00  __stack                        
00003b85  _args_main                     
000038e9  _c_int00                       
00003c48  _ctypes_                       
20000400  _ftable                        
20000600  _lock                          
00003bdb  _nop                           
00003bd3  _register_lock                 
00003bcd  _register_unlock               
20000000  _sys_memory                    
0000366f  _system_post_cinit             
00003c45  _system_pre_init               
20000604  _unlock                        
00003941  abort                          
00002651  add_device                     
000039e5  atoi                           
200005c8  backup                         
ffffffff  binit                          
00001d71  calloc                         
00002601  close                          
00003a31  copy_in                        
00003be1  copysign                       
00003be1  copysignl                      
200005cc  count                          
20000608  errno                          
00003949  exit                           
0000341f  fclose                         
000031f5  fflush                         
00002a0f  fopen                          
00003451  fputc                          
00002da1  fputs                          
00001abb  free                           
000029e5  freopen                        
00003885  frexp                          
00003885  frexpl                         
00003821  fseek                          
00000000  interruptVectors               
200007d8  irRead                         
200005d0  it                             
200005c0  j                              
00002fd1  ldexp                          
00002fd1  ldexpl                         
000025dd  lseek                          
00003991  ltoa                           
00001225  main                           
20000610  main_func_sp                   
00001a51  malloc                         
00001c85  memalign                       
00003b69  memccpy                        
00003b29  memchr                         
0000331d  memcpy                         
000035fd  memset                         
000019d1  minit                          
0000252f  open                           
000036e9  printf                         
00003451  putc                           
000034d5  putchar                        
00002ead  puts                           
0000250b  read                           
00001b7d  realloc                        
00002481  remove                         
000024e3  remove_device                  
000024a5  rename                         
00002fd1  scalbn                         
00002fd1  scalbnl                        
000030cd  setvbuf                        
200005d4  stepNumber                     
00003bb5  strchr                         
00003b9d  strcmp                         
00003bf5  strcpy                         
00003c09  strlen                         
00003ac5  strncpy                        
00002481  unlink                         
000023f1  write                          


GLOBAL SYMBOLS: SORTED BY Symbol Address 

address   name                           
-------   ----                           
00000000  __TI_static_base__             
00000000  interruptVectors               
00000200  __STACK_SIZE                   
00000400  __SYSMEM_SIZE                  
00000929  __TI_printfi                   
00001223  __mpu_init                     
00001225  main                           
0000194d  TA0_0_IRQHandler               
0000194d  TA0_0_IRQHandler               
000019d1  minit                          
00001a51  malloc                         
00001abb  free                           
00001b7d  realloc                        
00001c85  memalign                       
00001d71  calloc                         
00001da1  SystemCoreClockUpdate          
00002015  SystemInit                     
000020cd  HOSTwrite                      
00002119  HOSTunlink                     
00002151  HOSTtime64                     
0000219f  HOSTtime                       
000021d9  HOSTrename                     
00002237  HOSTread                       
00002283  HOSTopen                       
000022d5  HOSTlseek                      
00002331  HOSTgetenv                     
0000236f  HOSTclose                      
000023a7  HOSTclock                      
000023f1  write                          
00002481  remove                         
00002481  unlink                         
000024a5  rename                         
000024e3  remove_device                  
0000250b  read                           
0000252f  open                           
000025dd  lseek                          
00002601  close                          
00002651  add_device                     
000026fd  __aeabi_uldivmod               
000029b9  __TI_cleanup                   
000029e5  freopen                        
00002a0f  fopen                          
00002ab5  __aeabi_dsub                   
00002abf  __aeabi_dadd                   
00002c6b  __aeabi_ddiv                   
00002da1  fputs                          
00002ead  puts                           
00002ed5  __aeabi_dmul                   
00002fd1  ldexp                          
00002fd1  ldexpl                         
00002fd1  scalbn                         
00002fd1  scalbnl                        
000030cd  setvbuf                        
000031a9  __TI_doflush                   
000031f5  fflush                         
00003271  __TI_wrt_ok                    
000032d3  __TI_rd_ok                     
0000331d  __aeabi_memcpy                 
0000331d  __aeabi_memcpy4                
0000331d  __aeabi_memcpy8                
0000331d  memcpy                         
000033b9  __TI_closefile                 
0000341f  fclose                         
00003451  fputc                          
00003451  putc                           
000034d5  putchar                        
000034e9  __aeabi_cdcmpeq                
000034e9  __aeabi_cdcmple                
0000356f  __aeabi_cdrcmple               
000035f5  __aeabi_memclr                 
000035f5  __aeabi_memclr4                
000035f5  __aeabi_memclr8                
000035f7  __aeabi_memset                 
000035f7  __aeabi_memset4                
000035f7  __aeabi_memset8                
000035fd  memset                         
0000366f  _system_post_cinit             
00003671  __TI_auto_init                 
000036e9  printf                         
00003751  __TI_decompress_lzss           
000037b9  __TI_writemsg                  
000037e7  C$$IO$$                        
000037eb  __TI_readmsg                   
00003821  fseek                          
00003885  frexp                          
00003885  frexpl                         
000038e9  _c_int00                       
0000393d  C$$EXIT                        
00003941  abort                          
00003949  exit                           
00003991  ltoa                           
000039e5  atoi                           
00003a31  copy_in                        
00003a7d  __aeabi_d2iz                   
00003ac5  strncpy                        
00003afb  __aeabi_i2d                    
00003b29  memchr                         
00003b49  __aeabi_ui2d                   
00003b69  memccpy                        
00003b85  _args_main                     
00003b9d  strcmp                         
00003bb5  strchr                         
00003bcd  _register_unlock               
00003bd3  _register_lock                 
00003bdb  _nop                           
00003be1  copysign                       
00003be1  copysignl                      
00003bf5  strcpy                         
00003c09  strlen                         
00003c1d  __TI_decompress_none           
00003c2b  Reset_Handler                  
00003c37  ADC14_IRQHandler               
00003c37  AES256_IRQHandler              
00003c37  BusFault_Handler               
00003c37  COMP_E0_IRQHandler             
00003c37  COMP_E1_IRQHandler             
00003c37  CS_IRQHandler                  
00003c37  DMA_ERR_IRQHandler             
00003c37  DMA_INT0_IRQHandler            
00003c37  DMA_INT1_IRQHandler            
00003c37  DMA_INT2_IRQHandler            
00003c37  DMA_INT3_IRQHandler            
00003c37  DebugMon_Handler               
00003c37  Default_Handler                
00003c37  EUSCIA0_IRQHandler             
00003c37  EUSCIA1_IRQHandler             
00003c37  EUSCIA2_IRQHandler             
00003c37  EUSCIA3_IRQHandler             
00003c37  EUSCIB0_IRQHandler             
00003c37  EUSCIB1_IRQHandler             
00003c37  EUSCIB2_IRQHandler             
00003c37  EUSCIB3_IRQHandler             
00003c37  FLCTL_IRQHandler               
00003c37  FPU_IRQHandler                 
00003c37  HardFault_Handler              
00003c37  MemManage_Handler              
00003c37  NMI_Handler                    
00003c37  PCM_IRQHandler                 
00003c37  PORT1_IRQHandler               
00003c37  PORT2_IRQHandler               
00003c37  PORT3_IRQHandler               
00003c37  PORT4_IRQHandler               
00003c37  PORT5_IRQHandler               
00003c37  PORT6_IRQHandler               
00003c37  PSS_IRQHandler                 
00003c37  PendSV_Handler                 
00003c37  RTC_C_IRQHandler               
00003c37  SVC_Handler                    
00003c37  SysTick_Handler                
00003c37  T32_INT1_IRQHandler            
00003c37  T32_INT2_IRQHandler            
00003c37  T32_INTC_IRQHandler            
00003c37  TA0_N_IRQHandler               
00003c37  TA1_0_IRQHandler               
00003c37  TA1_N_IRQHandler               
00003c37  TA2_0_IRQHandler               
00003c37  TA2_N_IRQHandler               
00003c37  TA3_0_IRQHandler               
00003c37  TA3_N_IRQHandler               
00003c37  UsageFault_Handler             
00003c37  WDT_A_IRQHandler               
00003c39  __TI_zero_init                 
00003c45  _system_pre_init               
00003c48  _ctypes_                       
00003de4  __TI_Handler_Table_Base        
00003df0  __TI_Handler_Table_Limit       
00003df8  __TI_CINIT_Base                
00003e08  __TI_CINIT_Limit               
20000000  _sys_memory                    
20000400  _ftable                        
200005c0  j                              
200005c4  AVGER                          
200005c8  backup                         
200005cc  count                          
200005d0  it                             
200005d4  stepNumber                     
200005d8  __TI_ft_end                    
200005dc  __aeabi_stdin                  
200005e0  __aeabi_stdout                 
200005e4  __aeabi_stderr                 
200005e8  __TI_cleanup_ptr               
200005ec  __TI_dtors_ptr                 
200005f0  __TI_enable_exit_profile_output
20000600  _lock                          
20000604  _unlock                        
20000608  errno                          
20000610  main_func_sp                   
20000614  SystemCoreClock                
20000618  __CIOBUF_                      
20000738  __TI_tmpnams                   
200007d8  irRead                         
2000fe00  __stack                        
20010000  __STACK_END                    
4000480c  WDTCTL_SYM                     
ffffffff  __TI_pprof_out_hndl            
ffffffff  __TI_prof_data_size            
ffffffff  __TI_prof_data_start           
ffffffff  __binit__                      
ffffffff  __c_args__                     
ffffffff  binit                          
UNDEFED   SHT$$INIT_ARRAY$$Base          
UNDEFED   SHT$$INIT_ARRAY$$Limit         

[202 symbols]
